Nothing to build in platform 'test'

04:08:50 **** Incremental Build of configuration Debug for project test_s ****
make all 
make --no-print-directory pre-build
a9-linaro-pre-build-step
' '
make --no-print-directory main-build
'Building file: ../src/helloworld.c'
'Invoking: ARM v7 gcc compiler'
arm-none-eabi-gcc -Wall -O0 -g3 -c -fmessage-length=0 -MT"src/helloworld.o" -mcpu=cortex-a9 -mfpu=vfpv3 -mfloat-abi=hard -IC:/Users/Zach/Documents/VitisWorkspace/test/export/test/sw/test/standalone_domain/bspinclude/include -MMD -MP -MF"src/helloworld.d" -MT"src/helloworld.o" -o "src/helloworld.o" "../src/helloworld.c"
In file included from ../src/helloworld.c:54:
C:/Users/Zach/Documents/VitisWorkspace/test/export/test/sw/test/standalone_domain/bspinclude/include/xbasic_types.h:118:2: warning: #warning The xbasics_type.h file is deprecated and users should use xil_types.h and xil_assert. [-Wcpp]
 #warning  The xbasics_type.h file is deprecated and users should use xil_types.h and xil_assert.
  ^~~~~~~
C:/Users/Zach/Documents/VitisWorkspace/test/export/test/sw/test/standalone_domain/bspinclude/include/xbasic_types.h:119:2: warning: #warning Please refer the Standalone BSP UG647 for further details [-Wcpp]
 #warning  Please refer the Standalone BSP UG647 for further details
  ^~~~~~~
../src/helloworld.c:66:11: warning: initialization of 'uint *' {aka 'unsigned int *'} from 'int' makes pointer from integer without a cast [-Wint-conversion]
 uint *i = 0x40010000;
           ^~~~~~~~~~
../src/helloworld.c: In function 'setup_interrupt_system':
../src/helloworld.c:120:9: warning: variable 'result' set but not used [-Wunused-but-set-variable]
     int result;
         ^~~~~~
'Finished building: ../src/helloworld.c'
' '
'Building target: test_s.elf'
'Invoking: ARM v7 gcc linker'
arm-none-eabi-gcc -mcpu=cortex-a9 -mfpu=vfpv3 -mfloat-abi=hard -Wl,-build-id=none -specs=Xilinx.spec -Wl,-T -Wl,../src/lscript.ld -LC:/Users/Zach/Documents/VitisWorkspace/test/export/test/sw/test/standalone_domain/bsplib/lib -o "test_s.elf"  ./src/helloworld.o ./src/platform.o   -Wl,--start-group,-lxil,-lgcc,-lc,--end-group
'Finished building target: test_s.elf'
' '
'Invoking: ARM v7 Print Size'
arm-none-eabi-size test_s.elf  |tee "test_s.elf.size"
   text	   data	    bss	    dec	    hex	filename
  62080	   3360	  23360	  88800	  15ae0	test_s.elf
'Finished building: test_s.elf.size'
' '
04:08:51 **** Incremental Build of configuration Debug for project test_s_system ****
make all 
Generating bif file for the system project
generate_system_bif.bat 52262 C:/Users/Zach/Documents/VitisWorkspace/test/export/test/test.xpfm standalone_domain C:/Users/Zach/Documents/VitisWorkspace/test_s_system/Debug/system.bif
sdcard_gen --xpfm C:/Users/Zach/Documents/VitisWorkspace/test/export/test/test.xpfm --sys_config test --bif C:/Users/Zach/Documents/VitisWorkspace/test_s_system/Debug/system.bif --bitstream C:/Users/Zach/Documents/VitisWorkspace/test_s/_ide/bitstream/system_top.bit --elf C:/Users/Zach/Documents/VitisWorkspace/test_s/Debug/test_s.elf,ps7_cortexa9_0
creating BOOT.BIN using C:/Users/Zach/Documents/VitisWorkspace/test_s/_ide/bitstream/system_top.bit
Running C:/Xilinx/Vitis/2019.2/bin/bootgen  -image C:/Users/Zach/Documents/VitisWorkspace/test_s_system/Debug/sd_card_temp/boot.bif -w -o i BOOT.BIN
